Test log entry - 11/27/2025 04:25:16
